// Jest Snapshot v1, https://goo.gl/fbAQLP

exports[`PickerKeyboard should render the iOS native component 1`] = `
<PickerKeyboard
  mode="dialog"
/>
`;
